// Jest Snapshot v1, https://goo.gl/fbAQLP

exports[`methods 1`] = `
Array [
  "isString",
  "isNumber",
  "isUndefined",
  "isFunction",
  "isBoolean",
  "isSymbol",
  "isObject",
  "toString",
  "$",
  "__",
  "def",
  "curry",
  "curryN",
  "pipe",
  "memoizeWith",
  "keys",
  "concat",
  "map",
  "filter",
  "reject",
  "reduce",
  "some",
  "toPairs",
  "fromPairs",
  "range",
  "toUpper",
  "toLower",
  "last",
  "slice",
  "not",
  "complement",
  "both",
  "and",
  "equals",
  "or",
  "either",
  "add",
  "subtract",
  "divide",
  "multiply",
  "identity",
  "always",
  "flip",
  "uniq",
  "anyPass",
  "pathOr",
  "path",
  "pathEq",
  "pathSatisfies",
  "propOr",
  "prop",
  "propEq",
  "propSatisfies",
  "smooth",
  "freeze",
  "box",
  "sideEffect",
  "sideEffect2",
  "trace",
  "I",
  "K",
  "constant",
  "any",
]
`;

exports[`methods 2`] = `
Array [
  "isString",
  "isNumber",
  "isUndefined",
  "isFunction",
  "isBoolean",
  "isSymbol",
  "isObject",
  "$",
  "def",
  "some",
  "smooth",
  "freeze",
  "box",
  "sideEffect",
  "sideEffect2",
  "trace",
  "I",
  "K",
  "constant",
  "F",
  "T",
  "addIndex",
  "adjust",
  "all",
  "allPass",
  "ap",
  "aperture",
  "append",
  "apply",
  "applySpec",
  "applyTo",
  "ascend",
  "assoc",
  "assocPath",
  "binary",
  "bind",
  "call",
  "chain",
  "clamp",
  "clone",
  "comparator",
  "compose",
  "composeK",
  "composeP",
  "composeWith",
  "cond",
  "construct",
  "constructN",
  "contains",
  "converge",
  "countBy",
  "dec",
  "defaultTo",
  "descend",
  "difference",
  "differenceWith",
  "dissoc",
  "dissocPath",
  "drop",
  "dropLast",
  "dropLastWhile",
  "dropRepeats",
  "dropRepeatsWith",
  "dropWhile",
  "empty",
  "endsWith",
  "eqBy",
  "eqProps",
  "evolve",
  "find",
  "findIndex",
  "findLast",
  "findLastIndex",
  "flatten",
  "forEach",
  "forEachObjIndexed",
  "groupBy",
  "groupWith",
  "gt",
  "gte",
  "has",
  "hasIn",
  "hasPath",
  "head",
  "identical",
  "ifElse",
  "inc",
  "includes",
  "indexBy",
  "indexOf",
  "init",
  "innerJoin",
  "insert",
  "insertAll",
  "intersection",
  "intersperse",
  "into",
  "invert",
  "invertObj",
  "invoker",
  "is",
  "isEmpty",
  "isNil",
  "join",
  "juxt",
  "keysIn",
  "lastIndexOf",
  "length",
  "lens",
  "lensIndex",
  "lensPath",
  "lensProp",
  "lift",
  "liftN",
  "lt",
  "lte",
  "mapAccum",
  "mapAccumRight",
  "mapObjIndexed",
  "match",
  "mathMod",
  "max",
  "maxBy",
  "mean",
  "median",
  "merge",
  "mergeAll",
  "mergeDeepLeft",
  "mergeDeepRight",
  "mergeDeepWith",
  "mergeDeepWithKey",
  "mergeLeft",
  "mergeRight",
  "mergeWith",
  "mergeWithKey",
  "min",
  "minBy",
  "modulo",
  "move",
  "nAry",
  "negate",
  "none",
  "nth",
  "nthArg",
  "o",
  "objOf",
  "of",
  "omit",
  "once",
  "otherwise",
  "over",
  "pair",
  "partial",
  "partialRight",
  "partition",
  "paths",
  "pick",
  "pickAll",
  "pickBy",
  "pipeK",
  "pipeP",
  "pipeWith",
  "pluck",
  "prepend",
  "product",
  "project",
  "propIs",
  "props",
  "reduceBy",
  "reduceRight",
  "reduceWhile",
  "reduced",
  "remove",
  "repeat",
  "replace",
  "reverse",
  "scan",
  "sequence",
  "set",
  "sort",
  "sortBy",
  "sortWith",
  "split",
  "splitAt",
  "splitEvery",
  "splitWhen",
  "startsWith",
  "sum",
  "symmetricDifference",
  "symmetricDifferenceWith",
  "tail",
  "take",
  "takeLast",
  "takeLastWhile",
  "takeWhile",
  "tap",
  "test",
  "andThen",
  "times",
  "toPairsIn",
  "transduce",
  "transpose",
  "traverse",
  "trim",
  "tryCatch",
  "type",
  "unapply",
  "unary",
  "uncurryN",
  "unfold",
  "union",
  "unionWith",
  "uniqBy",
  "uniqWith",
  "unless",
  "unnest",
  "until",
  "update",
  "useWith",
  "values",
  "valuesIn",
  "view",
  "when",
  "where",
  "whereEq",
  "without",
  "xor",
  "xprod",
  "zip",
  "zipObj",
  "zipWith",
  "thunkify",
]
`;
